================================================================================================
BASELINE-001 -- RE-BASELINE ON VERIFIED GATEWAY GEOMETRY
================================================================================================
CAVEAT CARRIED ON EVERY MAP-DEPENDENT NUMBER BELOW:
  the 27-gateway map is correlation-recovered and outcome-validated.
  Its generator (strict27) is ABSENT. It is not independently confirmed.

RSSI column family selection: use_bs=True (score_bs=0.039, score_rssi=-1.000) | n_cols=72 | rssi_range=[-150.0,-20.0]
RSSI sample stats (filtered): count=13916 | min=-123.0 | p01=-120.0 | median=-112.0 | p99=-87.0 | max=-74.0
[GATE B] verified map: 33 entries, 33 join the dataset's labels
[GATE E] map geometry: 33 receivers span 20639 m
         span OK, exponent n=4.7 OK   PASS
         common to verified and RSSFIT: 33 gateways -- used everywhere below
[GATE A] content-duplicate evaluation messages: 5 (0.20% of eval)
         these are duplicate RECORDS in the dataset, not a split error
         action: DROPPED from evaluation | eval set now 2495 messages   PASS
[GATE C] evaluation set FIXED at 2495 messages, after GATE A's drop. Every block below is asserted against this count.

================================================================================================
BLOCK 0 -- MAP VALIDATION. The run below depends on this map; validate it first. [C4]
================================================================================================
  rank-among-249 check: for each assigned position, its RSSI-distance
  correlation rank among ALL published candidates. Rank 1 = best of 249.
    gateways checked      : 33
    rank 1                : 8/33
    rank <= 3             : 18/33
    min correlation       : -0.181
    *** WARN: some assignments are not top-3 or fall below corr 0.15 ***
    strong subset (rank<=3 AND corr>=0.15): 17/33 gateways

================================================================================================
BLOCK 1 -- NOISE FLOORS, MEASURED HERE. Every later effect is read against these.
================================================================================================
  EVALUATION-DRAW floor (which messages you evaluate; coords + A0 fixed)
    n=40 draws | values 523 560 535 536 541 555 541 537 523 535 516 553 535 514 546 547 548 510 551 538 547 524 528 566 539 523 540 528 545 523 558 548 545 506 549 521 530 514 534 554 m
    AUTHORITATIVE  2*sd/mean = 5.5%   (sd alone 2.7%)
    superseded     (max-min)/mean = 11.1%  <- the statistic used
                   in every run before 16 Aug; retained for readability
  calibration-draw floor (A0 subset redrawn, coords fixed)
    n=40 draws | values 527 527 528 529 524 527 526 519 525 529 528 530 531 534 526 526 524 526 533 530 521 529 520 524 528 527 535 523 533 527 534 530 532 525 534 533 523 527 530 524 m
    AUTHORITATIVE  2*sd/mean = 1.5%   (sd alone 0.8%)
    superseded     (max-min)/mean = 3.1%

  ANY EFFECT BELOW 5.5% (eval draw) OR 1.5% (calibration draw) IS NOT RESOLVABLE.
  The pipeline is otherwise DETERMINISTIC: given coordinates and A0 there
  is no seed dependence. These two draws are the only stochastic inputs.

================================================================================================
BLOCK 21 -- THE ABSORPTION CURVE: how does damage scale with the NUMBER
            of wrong anchors, and does DIRECTION matter as well as SIZE?
================================================================================================
  [floor, 2*sd/mean] eval-draw 5.5% | calibration-draw 1.5% | (superseded range stat 11.1%)
  Two facts sit far apart and the shape between them is unmeasured:
    a MINORITY of receivers displaced is LARGELY ABSORBED by the
      intercept fit. HOW MUCH depends on WHICH receivers, and the
      table below measures exactly that. An earlier version of this
      header quoted a single figure from a side measurement; the
      f=7 row below supersedes it and they disagree.
    ALL receivers wrong by the estimator own median error: about +464%
  If the curve is LINEAR, coordinate error is additive. If it has a KNEE,
  C1 is a COLLAPSE phenomenon and a practitioner who gets most gateways
  roughly right is safe while one who gets them all wrong is not.
  NOTE: this block NEVER mutates PHYS or RSSF. Every corrupted map is a
  new dict, and A0 is refitted on it so each map is self-consistent.

  reference (true map): WCL_bc 580 m | ABS+mean 528 m | DIFF 1013 m | MinMax 466 m | n=2495

  (0) APPARATUS CONTROL -- corrupt NOTHING and corrupt EVERYTHING by 0 m.
      Both must return EXACTLY the reference. A control that cannot fail
      is decoration; this one fails loudly if build/refit is not neutral.
      empty target set   : 580.0 m  (reference 580.0)   PASS
      all targets, 0 m   : 580.0 m  (reference 580.0)   PASS

  (1) CORRUPTION-FRACTION SWEEP. f gateways displaced 5000.0 m
      in a RANDOM DIRECTION, 8 random choices of WHICH,
      A0 refitted each time. Everything else identical.
         f % of map   WCL_bc  vs true  ABS+mean  vs true    DIFF  vs true   MinMax  vs true   spread
         1       3%     588m     1.4%      527m    -0.1%    970m    -4.2%     477m     2.4%     6.6%
           min-max across draws: WCL 580-619 | ABS 510-550 | DIFF 810-1012 | MinMax 466-529 m
         4      12%     618m     6.5%      545m     3.3%    944m    -6.7%     498m     7.0%     8.4%
           min-max across draws: WCL 590-642 | ABS 525-593 | DIFF 779-1133 | MinMax 468-538 m
         8      24%     628m     8.2%      545m     3.2%    810m   -20.0%     534m    14.7%    69.7%
           min-max across draws: WCL 581-1019 | ABS 518-761 | DIFF 708-1094 | MinMax 496-824 m
        16      48%     776m    33.7%      696m    32.0%    941m    -7.1%     735m    57.9%    33.2%
           min-max across draws: WCL 656-914 | ABS 581-821 | DIFF 693-1166 | MinMax 565-854 m
        24      73%    1664m   187.0%     1010m    91.5%   1257m    24.2%    1178m   152.9%   117.5%
           min-max across draws: WCL 834-2789 | ABS 762-1260 | DIFF 966-1651 | MinMax 806-1924 m
        33     100%    2924m   404.2%     1397m   164.8%   1766m    74.4%    1922m   312.6%    36.1%
           min-max across draws: WCL 2468-3525 | ABS 1209-1619 | DIFF 1614-1936 | MinMax 1368-2361 m
      spread = across the 8 choices of WHICH gateways.
      META-CHECK, same sweep at ZERO displacement: max deviation 0.00%
      PASS — a flat line when nothing is corrupted, so the curve above is real

  (2) SYSTEMATIC vs RANDOM AT EQUAL MAGNITUDE. Three maps, all wrong by
      the same amount; only the STRUCTURE of the error differs.
      per-gateway displacement: RSSFIT median 5174 m (min 726, max 11618)
      map                                         WCL_bc   vs true   ABS+mean
      RSSFIT (actual, systematic)                  3128m     5.39x      1254m
      same magnitudes, RANDOM directions           2001m     3.45x      1129m
      isotropic random at 5174 m                   2616m     4.51x      1471m
      CONTROL: magnitudes AND true directions      3128m     5.39x      1254m
      META-CHECK: the control must REPRODUCE RSSFIT (it is RSSFIT, rebuilt
      from magnitude+direction). 0.0 m apart -> PASS — the reconstruction is sound
      META-CHECK: do the three arms SEPARATE? spread 1127 m -> YES — error STRUCTURE matters, not only size
      -> if RSSFIT is WORSE than its own magnitudes in random directions,
         the harm is in the DIRECTION (systematic inward bias), not the
         size. That ties C1 to the survey-footprint argument.

  (3) SELECTION-WEIGHTED ARM. Does it matter WHICH gateways are wrong?
      f = 8 gateways displaced 5000.0 m, A0 refitted
      which gateways                      total selections    WCL_bc   vs true
      MOST-selected                                   6219     1378m    137.6%
      LEAST-selected                                   229      587m      1.2%
      RANDOM choice (median of draws)                   --      642m     10.6%
      META-CHECK at ZERO displacement: MOST +0.00% | LEAST +0.00%  -> PASS — no separation when nothing is corrupted
      -> if MOST and LEAST differ materially, damage depends on SELECTION
         FREQUENCY, not on the count of wrong anchors.

  (4) EXPOSURE-RANK SWEEP [E2]. top-k / bottom-k / random-k displaced 5000.0 m, k = 1..14, A0 refitted, 8 random draws.
      S = cumulative selection share of the displaced set (of 11253).
        karm            S   WCL_bc      vs     ABS      vs    DIFF      vs  MinMax      vs
        1top        0.091     617m    6.4%    547m    3.6%    848m  -16.2%    534m   14.7%
           direction min-max (8 draws): WCL 617-617 | ABS 531-549 | DIFF 798-961 | MinMax 501-573 m
        1bottom     0.001     585m    0.8%    528m    0.0%   1017m    0.4%    467m    0.2%
           direction min-max (8 draws): WCL 585-585 | ABS 528-528 | DIFF 1012-1018 | MinMax 466-468 m
        1random     0.047     595m    2.6%    530m    0.4%    988m   -2.4%    481m    3.2%   (median of 8 which-draws)
        2top        0.176     588m    1.3%    526m   -0.2%    809m  -20.1%    554m   19.0%
           direction min-max (8 draws): WCL 586-589 | ABS 526-541 | DIFF 755-870 | MinMax 513-605 m
        2bottom     0.001     585m    0.8%    528m    0.0%   1012m   -0.1%    466m    0.0%
           direction min-max (8 draws): WCL 585-585 | ABS 528-529 | DIFF 1011-1020 | MinMax 466-468 m
        2random     0.050     596m    2.7%    535m    1.4%    984m   -2.8%    494m    6.1%   (median of 8 which-draws)
        3top        0.253     618m    6.6%    539m    2.3%    818m  -19.2%    563m   20.9%
           direction min-max (8 draws): WCL 617-619 | ABS 527-556 | DIFF 757-878 | MinMax 552-605 m
        3bottom     0.002     585m    0.8%    528m    0.1%   1018m    0.6%    467m    0.2%
           direction min-max (8 draws): WCL 585-585 | ABS 528-530 | DIFF 1012-1021 | MinMax 466-470 m
        3random     0.066     587m    1.2%    536m    1.6%    933m   -7.8%    484m    3.9%   (median of 8 which-draws)
        4top        0.319     624m    7.7%    539m    2.2%    822m  -18.8%    608m   30.5%
           direction min-max (8 draws): WCL 618-630 | ABS 528-563 | DIFF 736-868 | MinMax 546-698 m
        4bottom     0.003     585m    0.8%    528m    0.1%   1019m    0.6%    468m    0.4%
           direction min-max (8 draws): WCL 585-585 | ABS 528-528 | DIFF 1010-1021 | MinMax 466-469 m
        4random     0.072     599m    3.3%    544m    3.2%    974m   -3.8%    490m    5.1%   (median of 8 which-draws)
        5top        0.384     700m   20.6%    551m    4.4%    854m  -15.7%    652m   40.0%
           direction min-max (8 draws): WCL 689-703 | ABS 525-587 | DIFF 784-883 | MinMax 603-761 m
        5bottom     0.005     589m    1.5%    530m    0.5%   1034m    2.1%    469m    0.6%
           direction min-max (8 draws): WCL 585-589 | ABS 529-530 | DIFF 1027-1043 | MinMax 466-470 m
        5random     0.103     590m    1.8%    539m    2.2%    906m  -10.5%    502m    7.8%   (median of 8 which-draws)
        6top        0.448     725m   24.9%    567m    7.6%    862m  -14.9%    725m   55.6%
           direction min-max (8 draws): WCL 716-732 | ABS 529-580 | DIFF 774-897 | MinMax 682-800 m
        6bottom     0.010     587m    1.2%    530m    0.5%   1028m    1.5%    469m    0.7%
           direction min-max (8 draws): WCL 585-589 | ABS 528-530 | DIFF 1020-1059 | MinMax 466-471 m
        6random     0.244     615m    6.1%    554m    5.0%    846m  -16.4%    572m   22.8%   (median of 8 which-draws)
        7top        0.503    1476m  154.5%    897m   70.0%   1273m   25.8%   1227m  163.4%
           direction min-max (8 draws): WCL 1340-1524 | ABS 870-986 | DIFF 1097-1427 | MinMax 1147-1340 m
        7bottom     0.015     587m    1.2%    530m    0.5%   1015m    0.3%    470m    0.9%
           direction min-max (8 draws): WCL 579-589 | ABS 528-530 | DIFF 1011-1045 | MinMax 469-471 m
        7random     0.179     644m   11.0%    570m    8.0%    875m  -13.6%    556m   19.3%   (median of 8 which-draws)
        8top        0.553    1361m  134.8%    905m   71.6%   1192m   17.8%   1088m  133.5%
           direction min-max (8 draws): WCL 1292-1549 | ABS 852-972 | DIFF 1130-1286 | MinMax 944-1369 m
        8bottom     0.020     587m    1.2%    528m    0.1%   1021m    0.8%    470m    0.9%
           direction min-max (8 draws): WCL 585-589 | ABS 525-530 | DIFF 1002-1056 | MinMax 466-471 m
        8random     0.283     631m    8.7%    551m    4.5%    867m  -14.4%    565m   21.2%   (median of 8 which-draws)
        9top        0.600    1341m  131.2%    905m   71.5%   1229m   21.3%   1084m  132.6%
           direction min-max (8 draws): WCL 1294-1468 | ABS 867-1001 | DIFF 1128-1292 | MinMax 891-1211 m
        9bottom     0.030     589m    1.6%    530m    0.6%    997m   -1.6%    471m    1.1%
           direction min-max (8 draws): WCL 579-589 | ABS 528-532 | DIFF 990-1045 | MinMax 470-471 m
        9random     0.271     680m   17.3%    594m   12.6%    862m  -14.9%    580m   24.5%   (median of 8 which-draws)
       10top        0.642    1500m  158.7%    944m   79.0%   1313m   29.7%   1180m  153.3%
           direction min-max (8 draws): WCL 1241-1780 | ABS 927-1049 | DIFF 1154-1395 | MinMax 976-1374 m
       10bottom     0.042     589m    1.6%    531m    0.6%    990m   -2.3%    471m    1.0%
           direction min-max (8 draws): WCL 589-589 | ABS 528-535 | DIFF 980-1013 | MinMax 467-473 m
       10random     0.288     691m   19.2%    639m   21.0%    869m  -14.2%    591m   27.0%   (median of 8 which-draws)
       11top        0.683    1951m  236.4%   1053m   99.7%   1406m   38.8%   1323m  183.9%
           direction min-max (8 draws): WCL 1757-2224 | ABS 1008-1259 | DIFF 1331-1590 | MinMax 1077-1593 m
       11bottom     0.055     591m    1.9%    529m    0.2%    979m   -3.4%    473m    1.4%
           direction min-max (8 draws): WCL 585-595 | ABS 524-533 | DIFF 942-1035 | MinMax 470-477 m
       11random     0.309     705m   21.6%    623m   18.1%    878m  -13.3%    630m   35.3%   (median of 8 which-draws)
       12top        0.723    1852m  219.4%   1069m  102.6%   1398m   38.1%   1206m  158.9%
           direction min-max (8 draws): WCL 1525-2073 | ABS 1015-1159 | DIFF 1325-1595 | MinMax 1060-1747 m
       12bottom     0.068     591m    1.9%    526m   -0.3%    972m   -4.0%    472m    1.3%
           direction min-max (8 draws): WCL 589-595 | ABS 524-530 | DIFF 945-1033 | MinMax 465-473 m
       12random     0.370     710m   22.4%    608m   15.3%    830m  -18.0%    613m   31.6%   (median of 8 which-draws)
       13top        0.763    2360m  307.0%   1146m  117.2%   1483m   46.4%   1557m  234.4%
           direction min-max (8 draws): WCL 1822-2738 | ABS 1061-1307 | DIFF 1418-1692 | MinMax 1040-1925 m
       13bottom     0.083     595m    2.7%    528m    0.2%    924m   -8.8%    473m    1.5%
           direction min-max (8 draws): WCL 593-601 | ABS 524-535 | DIFF 907-957 | MinMax 470-479 m
       13random     0.358     708m   22.1%    630m   19.4%    869m  -14.2%    634m   36.1%   (median of 8 which-draws)
       14top        0.788    2308m  298.0%   1222m  131.6%   1561m   54.1%   1471m  215.8%
           direction min-max (8 draws): WCL 2157-2951 | ABS 1124-1393 | DIFF 1369-1742 | MinMax 1319-1710 m
       14bottom     0.103     595m    2.7%    528m    0.1%    902m  -10.9%    468m    0.6%
           direction min-max (8 draws): WCL 576-601 | ABS 523-536 | DIFF 883-969 | MinMax 455-478 m
       14random     0.391     762m   31.4%    619m   17.3%    834m  -17.6%    653m   40.1%   (median of 8 which-draws)
      META-CHECK at ZERO displacement, k=14: top +0.00% | bottom +0.00%  -> PASS
      -> KILL CONDITION (pre-registered): if top-k and bottom-k at matched S
         differ by less than the floor, exposure share is NOT the sufficient statistic.

================================================================================================
END. Every number above: substrate = verified-27 or RSSFIT, as labelled.
Floors measured in BLOCK 1: seed 5.5% | draw 1.5%
================================================================================================

-> /Users/anik/TriMesh/DeltaMesh All Files/PAPERB_B9C_OFFICIAL33_CORE_050926/results/O33R71_N4P7_D5000_W10.txt
