================================================================================================
BASELINE-001 -- RE-BASELINE ON VERIFIED GATEWAY GEOMETRY
================================================================================================
CAVEAT CARRIED ON EVERY MAP-DEPENDENT NUMBER BELOW:
  the 27-gateway map is correlation-recovered and outcome-validated.
  Its generator (strict27) is ABSENT. It is not independently confirmed.

RSSI column family selection: use_bs=True (score_bs=0.039, score_rssi=-1.000) | n_cols=72 | rssi_range=[-150.0,-20.0]
RSSI sample stats (filtered): count=13916 | min=-123.0 | p01=-120.0 | median=-112.0 | p99=-87.0 | max=-74.0
[GATE B] verified map: 33 entries, 33 join the dataset's labels
[GATE E] map geometry: 33 receivers span 20639 m
         span OK, exponent n=4.7 OK   PASS
         common to verified and RSSFIT: 33 gateways -- used everywhere below
[GATE A] content-duplicate evaluation messages: 5 (0.20% of eval)
         these are duplicate RECORDS in the dataset, not a split error
         action: DROPPED from evaluation | eval set now 2495 messages   PASS
[GATE C] evaluation set FIXED at 2495 messages, after GATE A's drop. Every block below is asserted against this count.

================================================================================================
BLOCK 0 -- MAP VALIDATION. The run below depends on this map; validate it first. [C4]
================================================================================================
  rank-among-249 check: for each assigned position, its RSSI-distance
  correlation rank among ALL published candidates. Rank 1 = best of 249.
    gateways checked      : 33
    rank 1                : 8/33
    rank <= 3             : 18/33
    min correlation       : -0.181
    *** WARN: some assignments are not top-3 or fall below corr 0.15 ***
    strong subset (rank<=3 AND corr>=0.15): 17/33 gateways

================================================================================================
BLOCK 1 -- NOISE FLOORS, MEASURED HERE. Every later effect is read against these.
================================================================================================
  EVALUATION-DRAW floor (which messages you evaluate; coords + A0 fixed)
    n=40 draws | values 523 560 535 536 541 555 541 537 523 535 516 553 535 514 546 547 548 510 551 538 547 524 528 566 539 523 540 528 545 523 558 548 545 506 549 521 530 514 534 554 m
    AUTHORITATIVE  2*sd/mean = 5.5%   (sd alone 2.7%)
    superseded     (max-min)/mean = 11.1%  <- the statistic used
                   in every run before 16 Aug; retained for readability
  calibration-draw floor (A0 subset redrawn, coords fixed)
    n=40 draws | values 527 527 528 529 524 527 526 519 525 529 528 530 531 534 526 526 524 526 533 530 521 529 520 524 528 527 535 523 533 527 534 530 532 525 534 533 523 527 530 524 m
    AUTHORITATIVE  2*sd/mean = 1.5%   (sd alone 0.8%)
    superseded     (max-min)/mean = 3.1%

  ANY EFFECT BELOW 5.5% (eval draw) OR 1.5% (calibration draw) IS NOT RESOLVABLE.
  The pipeline is otherwise DETERMINISTIC: given coordinates and A0 there
  is no seed dependence. These two draws are the only stochastic inputs.

================================================================================================
BLOCK 21 -- THE ABSORPTION CURVE: how does damage scale with the NUMBER
            of wrong anchors, and does DIRECTION matter as well as SIZE?
================================================================================================
  [floor, 2*sd/mean] eval-draw 5.5% | calibration-draw 1.5% | (superseded range stat 11.1%)
  Two facts sit far apart and the shape between them is unmeasured:
    a MINORITY of receivers displaced is LARGELY ABSORBED by the
      intercept fit. HOW MUCH depends on WHICH receivers, and the
      table below measures exactly that. An earlier version of this
      header quoted a single figure from a side measurement; the
      f=7 row below supersedes it and they disagree.
    ALL receivers wrong by the estimator own median error: about +464%
  If the curve is LINEAR, coordinate error is additive. If it has a KNEE,
  C1 is a COLLAPSE phenomenon and a practitioner who gets most gateways
  roughly right is safe while one who gets them all wrong is not.
  NOTE: this block NEVER mutates PHYS or RSSF. Every corrupted map is a
  new dict, and A0 is refitted on it so each map is self-consistent.

  reference (true map): WCL_bc 580 m | ABS+mean 528 m | DIFF 1013 m | MinMax 466 m | n=2495

  (0) APPARATUS CONTROL -- corrupt NOTHING and corrupt EVERYTHING by 0 m.
      Both must return EXACTLY the reference. A control that cannot fail
      is decoration; this one fails loudly if build/refit is not neutral.
      empty target set   : 580.0 m  (reference 580.0)   PASS
      all targets, 0 m   : 580.0 m  (reference 580.0)   PASS

  (1) CORRUPTION-FRACTION SWEEP. f gateways displaced 1000.0 m
      in a RANDOM DIRECTION, 8 random choices of WHICH,
      A0 refitted each time. Everything else identical.
         f % of map   WCL_bc  vs true  ABS+mean  vs true    DIFF  vs true   MinMax  vs true   spread
         1       3%     584m     0.7%      527m    -0.1%   1011m    -0.1%     470m     0.8%     7.1%
           min-max across draws: WCL 576-618 | ABS 511-548 | DIFF 921-1037 | MinMax 455-489 m
         4      12%     601m     3.6%      542m     2.8%   1043m     3.0%     473m     1.5%     9.8%
           min-max across draws: WCL 581-640 | ABS 525-587 | DIFF 1020-1170 | MinMax 457-483 m
         8      24%     616m     6.2%      555m     5.2%   1037m     2.4%     497m     6.7%    28.9%
           min-max across draws: WCL 514-691 | ABS 511-618 | DIFF 969-1187 | MinMax 434-596 m
        16      48%     745m    28.5%      613m    16.3%   1205m    19.0%     566m    21.6%    43.4%
           min-max across draws: WCL 629-953 | ABS 567-665 | DIFF 960-1584 | MinMax 518-609 m
        24      73%     802m    38.3%      724m    37.2%   1506m    48.7%     598m    28.4%    50.8%
           min-max across draws: WCL 607-1015 | ABS 621-928 | DIFF 1164-2058 | MinMax 557-802 m
        33     100%     836m    44.2%      777m    47.3%   1561m    54.1%     619m    33.0%    27.4%
           min-max across draws: WCL 681-911 | ABS 640-891 | DIFF 1194-1848 | MinMax 592-808 m
      spread = across the 8 choices of WHICH gateways.
      META-CHECK, same sweep at ZERO displacement: max deviation 0.00%
      PASS — a flat line when nothing is corrupted, so the curve above is real

  (2) SYSTEMATIC vs RANDOM AT EQUAL MAGNITUDE. Three maps, all wrong by
      the same amount; only the STRUCTURE of the error differs.
      per-gateway displacement: RSSFIT median 5174 m (min 726, max 11618)
      map                                         WCL_bc   vs true   ABS+mean
      RSSFIT (actual, systematic)                  3128m     5.39x      1254m
      same magnitudes, RANDOM directions           2001m     3.45x      1129m
      isotropic random at 5174 m                   2616m     4.51x      1471m
      CONTROL: magnitudes AND true directions      3128m     5.39x      1254m
      META-CHECK: the control must REPRODUCE RSSFIT (it is RSSFIT, rebuilt
      from magnitude+direction). 0.0 m apart -> PASS — the reconstruction is sound
      META-CHECK: do the three arms SEPARATE? spread 1127 m -> YES — error STRUCTURE matters, not only size
      -> if RSSFIT is WORSE than its own magnitudes in random directions,
         the harm is in the DIRECTION (systematic inward bias), not the
         size. That ties C1 to the survey-footprint argument.

  (3) SELECTION-WEIGHTED ARM. Does it matter WHICH gateways are wrong?
      f = 8 gateways displaced 1000.0 m, A0 refitted
      which gateways                      total selections    WCL_bc   vs true
      MOST-selected                                   6219      651m     12.2%
      LEAST-selected                                   229      585m      0.9%
      RANDOM choice (median of draws)                   --      592m      2.0%
      META-CHECK at ZERO displacement: MOST +0.00% | LEAST +0.00%  -> PASS — no separation when nothing is corrupted
      -> if MOST and LEAST differ materially, damage depends on SELECTION
         FREQUENCY, not on the count of wrong anchors.

  (4) EXPOSURE-RANK SWEEP [E2]. top-k / bottom-k / random-k displaced 1000.0 m, k = 1..8, A0 refitted, 8 random draws.
      S = cumulative selection share of the displaced set (of 11253).
        karm            S   WCL_bc      vs     ABS      vs    DIFF      vs  MinMax      vs
        1top        0.091     615m    6.1%    556m    5.3%    979m   -3.3%    490m    5.3%
           direction min-max (4 draws): WCL 610-619 | ABS 530-591 | DIFF 958-997 | MinMax 478-506 m
        1bottom     0.001     582m    0.4%    528m    0.0%   1017m    0.4%    466m    0.0%
           direction min-max (4 draws): WCL 579-585 | ABS 528-528 | DIFF 1012-1020 | MinMax 466-468 m
        1random     0.047     582m    0.4%    526m   -0.3%   1004m   -0.8%    469m    0.8%   (median of 8 which-draws)
        2top        0.176     653m   12.6%    579m    9.8%   1039m    2.6%    520m   11.7%
           direction min-max (4 draws): WCL 585-772 | ABS 555-634 | DIFF 942-1088 | MinMax 495-587 m
        2bottom     0.001     581m    0.1%    528m    0.0%   1013m    0.0%    467m    0.2%
           direction min-max (4 draws): WCL 579-582 | ABS 528-529 | DIFF 1011-1017 | MinMax 466-468 m
        2random     0.050     589m    1.6%    530m    0.5%   1030m    1.7%    471m    1.1%   (median of 8 which-draws)
        3top        0.253     729m   25.7%    600m   13.7%   1005m   -0.7%    555m   19.1%
           direction min-max (4 draws): WCL 714-767 | ABS 555-630 | DIFF 955-1137 | MinMax 541-580 m
        3bottom     0.002     581m    0.1%    528m    0.0%   1012m   -0.1%    466m    0.0%
           direction min-max (4 draws): WCL 579-582 | ABS 528-528 | DIFF 1011-1017 | MinMax 466-468 m
        3random     0.066     584m    0.6%    533m    1.0%   1018m    0.5%    471m    1.2%   (median of 8 which-draws)
        4top        0.319     647m   11.6%    561m    6.4%   1100m    8.7%    511m    9.7%
           direction min-max (4 draws): WCL 560-733 | ABS 542-678 | DIFF 946-1145 | MinMax 476-558 m
        4bottom     0.003     582m    0.4%    528m    0.0%   1012m   -0.1%    468m    0.4%
           direction min-max (4 draws): WCL 576-585 | ABS 528-528 | DIFF 1011-1013 | MinMax 466-468 m
        4random     0.072     595m    2.6%    533m    1.0%   1043m    3.0%    473m    1.5%   (median of 8 which-draws)
        5top        0.384     713m   22.9%    613m   16.1%   1107m    9.4%    568m   22.0%
           direction min-max (4 draws): WCL 631-751 | ABS 550-644 | DIFF 977-1188 | MinMax 519-585 m
        5bottom     0.005     582m    0.3%    529m    0.4%   1027m    1.5%    467m    0.2%
           direction min-max (4 draws): WCL 579-585 | ABS 529-530 | DIFF 1027-1029 | MinMax 466-469 m
        5random     0.103     584m    0.8%    534m    1.2%   1036m    2.3%    472m    1.4%   (median of 8 which-draws)
        6top        0.448     634m    9.4%    587m   11.3%   1063m    5.0%    516m   10.8%
           direction min-max (4 draws): WCL 608-819 | ABS 535-655 | DIFF 990-1165 | MinMax 498-571 m
        6bottom     0.010     583m    0.5%    529m    0.2%   1034m    2.1%    468m    0.5%
           direction min-max (4 draws): WCL 579-585 | ABS 528-530 | DIFF 1029-1043 | MinMax 466-469 m
        6random     0.244     585m    0.9%    544m    3.1%   1065m    5.2%    476m    2.2%   (median of 8 which-draws)
        7top        0.503     766m   32.1%    794m   50.6%   1373m   35.6%    672m   44.3%
           direction min-max (4 draws): WCL 694-972 | ABS 700-865 | DIFF 1187-1787 | MinMax 596-765 m
        7bottom     0.015     583m    0.6%    530m    0.5%   1015m    0.3%    467m    0.2%
           direction min-max (4 draws): WCL 579-585 | ABS 529-530 | DIFF 1012-1033 | MinMax 465-469 m
        7random     0.179     625m    7.7%    569m    7.8%   1062m    4.9%    509m    9.2%   (median of 8 which-draws)
        8top        0.553     707m   22.0%    594m   12.6%   1550m   53.1%    546m   17.2%
           direction min-max (4 draws): WCL 665-803 | ABS 575-687 | DIFF 1345-1756 | MinMax 509-554 m
        8bottom     0.020     587m    1.2%    528m    0.1%   1018m    0.6%    466m    0.1%
           direction min-max (4 draws): WCL 581-589 | ABS 528-530 | DIFF 1018-1029 | MinMax 465-469 m
        8random     0.283     628m    8.2%    580m   10.0%   1122m   10.8%    484m    4.0%   (median of 8 which-draws)
      META-CHECK at ZERO displacement, k=8: top +0.00% | bottom +0.00%  -> PASS
      -> KILL CONDITION (pre-registered): if top-k and bottom-k at matched S
         differ by less than the floor, exposure share is NOT the sufficient statistic.

================================================================================================
END. Every number above: substrate = verified-27 or RSSFIT, as labelled.
Floors measured in BLOCK 1: seed 5.5% | draw 1.5%
================================================================================================

-> /Users/anik/TriMesh/DeltaMesh All Files/PAPERB_B9C_OFFICIAL33_CORE_050926/results/O33R71_N4P7_D1000_W10.txt
