================================================================================================
BASELINE-001 -- RE-BASELINE ON VERIFIED GATEWAY GEOMETRY
================================================================================================
CAVEAT CARRIED ON EVERY MAP-DEPENDENT NUMBER BELOW:
  the 27-gateway map is correlation-recovered and outcome-validated.
  Its generator (strict27) is ABSENT. It is not independently confirmed.

RSSI column family selection: use_bs=True (score_bs=0.039, score_rssi=-1.000) | n_cols=72 | rssi_range=[-150.0,-20.0]
RSSI sample stats (filtered): count=13916 | min=-123.0 | p01=-120.0 | median=-112.0 | p99=-87.0 | max=-74.0
[GATE B] verified map: 27 entries, 27 join the dataset's labels
[GATE E] map geometry: 27 receivers span 71027 m
         span OK, exponent n=4.7 OK   PASS
         common to verified and RSSFIT: 27 gateways -- used everywhere below
[GATE A] content-duplicate evaluation messages: 2 (0.08% of eval)
         these are duplicate RECORDS in the dataset, not a split error
         action: DROPPED from evaluation | eval set now 2498 messages   PASS
[GATE C] evaluation set FIXED at 2498 messages, after GATE A's drop. Every block below is asserted against this count.

================================================================================================
BLOCK 0 -- MAP VALIDATION. The run below depends on this map; validate it first. [C4]
================================================================================================
  rank-among-249 check: for each assigned position, its RSSI-distance
  correlation rank among ALL published candidates. Rank 1 = best of 249.
    gateways checked      : 27
    rank 1                : 9/27
    rank <= 3             : 21/27
    min correlation       : 0.185
    *** WARN: some assignments are not top-3 or fall below corr 0.15 ***
    strong subset (rank<=3 AND corr>=0.15): 21/27 gateways

================================================================================================
BLOCK 1 -- NOISE FLOORS, MEASURED HERE. Every later effect is read against these.
================================================================================================
  EVALUATION-DRAW floor (which messages you evaluate; coords + A0 fixed)
    n=40 draws | values 626 616 617 634 636 633 637 649 626 674 653 617 615 651 639 623 606 629 657 629 619 626 641 623 643 631 636 639 635 636 637 643 620 639 639 629 634 628 641 626 m
    AUTHORITATIVE  2*sd/mean = 4.0%   (sd alone 2.0%)
    superseded     (max-min)/mean = 10.7%  <- the statistic used
                   in every run before 16 Aug; retained for readability
  calibration-draw floor (A0 subset redrawn, coords fixed)
    n=40 draws | values 642 641 626 641 638 644 638 635 644 638 642 643 640 640 638 635 633 639 647 634 634 642 639 627 641 638 642 628 652 632 640 642 646 650 637 642 642 640 637 634 m
    AUTHORITATIVE  2*sd/mean = 1.7%   (sd alone 0.9%)
    superseded     (max-min)/mean = 4.1%

  ANY EFFECT BELOW 4.0% (eval draw) OR 1.7% (calibration draw) IS NOT RESOLVABLE.
  The pipeline is otherwise DETERMINISTIC: given coordinates and A0 there
  is no seed dependence. These two draws are the only stochastic inputs.

================================================================================================
BLOCK 21 -- THE ABSORPTION CURVE: how does damage scale with the NUMBER
            of wrong anchors, and does DIRECTION matter as well as SIZE?
================================================================================================
  [floor, 2*sd/mean] eval-draw 4.0% | calibration-draw 1.7% | (superseded range stat 10.7%)
  Two facts sit far apart and the shape between them is unmeasured:
    a MINORITY of receivers displaced is LARGELY ABSORBED by the
      intercept fit. HOW MUCH depends on WHICH receivers, and the
      table below measures exactly that. An earlier version of this
      header quoted a single figure from a side measurement; the
      f=7 row below supersedes it and they disagree.
    ALL receivers wrong by the estimator own median error: about +464%
  If the curve is LINEAR, coordinate error is additive. If it has a KNEE,
  C1 is a COLLAPSE phenomenon and a practitioner who gets most gateways
  roughly right is safe while one who gets them all wrong is not.
  NOTE: this block NEVER mutates PHYS or RSSF. Every corrupted map is a
  new dict, and A0 is refitted on it so each map is self-consistent.

  reference (true map): WCL_bc 593 m | ABS+mean 640 m | DIFF 990 m | MinMax 470 m | n=2498

  (0) APPARATUS CONTROL -- corrupt NOTHING and corrupt EVERYTHING by 0 m.
      Both must return EXACTLY the reference. A control that cannot fail
      is decoration; this one fails loudly if build/refit is not neutral.
      empty target set   : 593.2 m  (reference 593.2)   PASS
      all targets, 0 m   : 593.2 m  (reference 593.2)   PASS

  (1) CORRUPTION-FRACTION SWEEP. f gateways displaced 10000.0 m
      in a RANDOM DIRECTION, 8 random choices of WHICH,
      A0 refitted each time. Everything else identical.
         f % of map   WCL_bc  vs true  ABS+mean  vs true    DIFF  vs true   MinMax  vs true   spread
         1       4%     595m     0.3%      641m     0.1%    983m    -0.7%     470m     0.1%     5.5%
           min-max across draws: WCL 592-625 | ABS 635-670 | DIFF 872-1023 | MinMax 468-549 m
         3      11%     627m     5.7%      681m     6.4%    998m     0.9%     575m    22.4%    47.4%
           min-max across draws: WCL 598-895 | ABS 659-782 | DIFF 899-1220 | MinMax 492-800 m
         6      22%     806m    35.9%      743m    16.1%   1005m     1.5%     758m    61.3%    64.9%
           min-max across draws: WCL 623-1146 | ABS 662-901 | DIFF 865-1153 | MinMax 504-1000 m
        13      48%     903m    52.2%      807m    26.2%   1030m     4.1%     883m    87.9%    53.7%
           min-max across draws: WCL 613-1098 | ABS 712-1055 | DIFF 919-1281 | MinMax 583-1206 m
        20      74%    1958m   230.1%     1504m   135.0%   1765m    78.4%    1798m   282.8%   171.7%
           min-max across draws: WCL 1581-4944 | ABS 1176-2162 | DIFF 1445-2520 | MinMax 1452-2472 m
        27     100%    6368m   973.5%     3001m   368.8%   3505m   254.2%    4055m   763.2%    23.8%
           min-max across draws: WCL 5234-6753 | ABS 2686-3413 | DIFF 3176-3925 | MinMax 2620-5214 m
      spread = across the 8 choices of WHICH gateways.
      META-CHECK, same sweep at ZERO displacement: max deviation 0.00%
      PASS — a flat line when nothing is corrupted, so the curve above is real

  (2) SYSTEMATIC vs RANDOM AT EQUAL MAGNITUDE. Three maps, all wrong by
      the same amount; only the STRUCTURE of the error differs.
      per-gateway displacement: RSSFIT median 5068 m (min 1057, max 34820)
      map                                         WCL_bc   vs true   ABS+mean
      RSSFIT (actual, systematic)                  3363m     5.67x      1336m
      same magnitudes, RANDOM directions           1826m     3.08x      1276m
      isotropic random at 5068 m                   3447m     5.81x      1443m
      CONTROL: magnitudes AND true directions      3363m     5.67x      1336m
      META-CHECK: the control must REPRODUCE RSSFIT (it is RSSFIT, rebuilt
      from magnitude+direction). 0.0 m apart -> PASS — the reconstruction is sound
      META-CHECK: do the three arms SEPARATE? spread 1621 m -> YES — error STRUCTURE matters, not only size
      -> if RSSFIT is WORSE than its own magnitudes in random directions,
         the harm is in the DIRECTION (systematic inward bias), not the
         size. That ties C1 to the survey-footprint argument.

  (3) SELECTION-WEIGHTED ARM. Does it matter WHICH gateways are wrong?
      f = 6 gateways displaced 10000.0 m, A0 refitted
      which gateways                      total selections    WCL_bc   vs true
      MOST-selected                                   5210      890m     50.0%
      LEAST-selected                                   242      598m      0.8%
      RANDOM choice (median of draws)                   --      618m      4.1%
      META-CHECK at ZERO displacement: MOST +0.00% | LEAST +0.00%  -> PASS — no separation when nothing is corrupted
      -> if MOST and LEAST differ materially, damage depends on SELECTION
         FREQUENCY, not on the count of wrong anchors.

================================================================================================
END. Every number above: substrate = verified-27 or RSSFIT, as labelled.
Floors measured in BLOCK 1: seed 4.0% | draw 1.7%
================================================================================================

-> /Users/anik/TriMesh/DeltaMesh All Files/PAPERB_B9C_OFFICIAL33_CORE_050926/results/R27_N4P7_D10000_W10.txt
